--------------------------------------------------------------------------------
Release 14.5 Trace  (nt)
Copyright (c) 1995-2012 Xilinx, Inc.  All rights reserved.

C:\Xilinx\14.5\ISE_DS\ISE\bin\nt\unwrapped\trce.exe -intstyle ise -v 3 -s 1 -n
3 -fastpaths -xml afficheur.twx afficheur.ncd -o afficheur.twr afficheur.pcf

Design file:              afficheur.ncd
Physical constraint file: afficheur.pcf
Device,package,speed:     xc5vlx50t,ff1136,-1 (PRODUCTION 1.73 2013-03-26, STEPPING level 0)
Report level:             verbose report

Environment Variable      Effect 
--------------------      ------ 
NONE                      No environment variables were set
--------------------------------------------------------------------------------

INFO:Timing:2698 - No timing constraints found, doing default enumeration.
INFO:Timing:3412 - To improve timing, see the Timing Closure User Guide (UG612).
INFO:Timing:2752 - To get complete path coverage, use the unconstrained paths 
   option. All paths that are not constrained will be reported in the 
   unconstrained paths section(s) of the report.
INFO:Timing:3339 - The clock-to-out numbers in this timing report are based on 
   a 50 Ohm transmission line loading model.  For the details of this model, 
   and for more information on accounting for different loading conditions, 
   please see the device datasheet.



Data Sheet report:
-----------------
All values displayed in nanoseconds (ns)

Clock clk to Pad
------------+------------+------------------+--------+
            | clk (edge) |                  | Clock  |
Destination |   to PAD   |Internal Clock(s) | Phase  |
------------+------------+------------------+--------+
lcdd<0>     |    8.724(R)|clk_BUFGP         |   0.000|
lcdd<1>     |    8.656(R)|clk_BUFGP         |   0.000|
lcdd<2>     |    8.500(R)|clk_BUFGP         |   0.000|
lcdd<3>     |    8.669(R)|clk_BUFGP         |   0.000|
lcdd<4>     |    8.532(R)|clk_BUFGP         |   0.000|
lcdd<5>     |    8.559(R)|clk_BUFGP         |   0.000|
lcdd<6>     |    8.738(R)|clk_BUFGP         |   0.000|
lcdd<7>     |    8.743(R)|clk_BUFGP         |   0.000|
lcden       |    8.674(R)|clk_BUFGP         |   0.000|
------------+------------+------------------+--------+

Clock to Setup on destination clock clk
---------------+---------+---------+---------+---------+
               | Src:Rise| Src:Fall| Src:Rise| Src:Fall|
Source Clock   |Dest:Rise|Dest:Rise|Dest:Fall|Dest:Fall|
---------------+---------+---------+---------+---------+
clk            |    1.921|         |         |         |
---------------+---------+---------+---------+---------+


Analysis completed Wed Feb 04 18:31:48 2015 
--------------------------------------------------------------------------------

Trace Settings:
-------------------------
Trace Settings 

Peak Memory Usage: 260 MB



