AR display_on_off_control display_on_off_control "C:/Users/AK61450/Documents/ele740/Phase 1/code/displayonoffcontrol.vhd" sub00/vhpl06 1422987859
EN write_module NULL "C:/Users/AK61450/Documents/ele740/Phase 1/code/write_module.vhd" sub00/vhpl01 1422987854
AR entry_mode_set entry_mode_set "C:/Users/AK61450/Documents/ele740/Phase 1/code/entrymodeset.vhd" sub00/vhpl10 1422987863
PH defs NULL "C:/Users/AK61450/Documents/ele740/Phase 1/code/defs.vhd" sub00/vhpl00 1422987853
EN function_set NULL "C:/Users/AK61450/Documents/ele740/Phase 1/code/functionset.vhd" sub00/vhpl03 1422987856
EN display_on_off_control NULL "C:/Users/AK61450/Documents/ele740/Phase 1/code/displayonoffcontrol.vhd" sub00/vhpl05 1422987858
AR write_module behavioral "C:/Users/AK61450/Documents/ele740/Phase 1/code/write_module.vhd" sub00/vhpl02 1422987855
AR clear_display clear_display "C:/Users/AK61450/Documents/ele740/Phase 1/code/cleardisplay.vhd" sub00/vhpl08 1422987861
AR function_set function_set "C:/Users/AK61450/Documents/ele740/Phase 1/code/functionset.vhd" sub00/vhpl04 1422987857
EN clear_display NULL "C:/Users/AK61450/Documents/ele740/Phase 1/code/cleardisplay.vhd" sub00/vhpl07 1422987860
EN set_ddram_address NULL "C:/Users/AK61450/Documents/ele740/Phase 1/code/setddramaddress.vhd" sub00/vhpl13 1422987866
EN power_on_init NULL "C:/Users/AK61450/Documents/ele740/Phase 1/code/poweroninit.vhd" sub00/vhpl11 1422987864
AR power_on_init power_on_init "C:/Users/AK61450/Documents/ele740/Phase 1/code/poweroninit.vhd" sub00/vhpl12 1422987865
AR afficheur afficheur_main "C:/Users/AK61450/Documents/ele740/Phase 1/code/main.vhd" sub00/vhpl16 1422987869
EN entry_mode_set NULL "C:/Users/AK61450/Documents/ele740/Phase 1/code/entrymodeset.vhd" sub00/vhpl09 1422987862
EN afficheur NULL "C:/Users/AK61450/Documents/ele740/Phase 1/code/main.vhd" sub00/vhpl15 1422987868
AR set_ddram_address set_ddram_address "C:/Users/AK61450/Documents/ele740/Phase 1/code/setddramaddress.vhd" sub00/vhpl14 1422987867
